{
  "format": "geheimnis_scan/1",
  "hinweis": "Basislinie von tools/geheimnis_scan.py. Ein Eintrag gilt nur fuer genau dieses Git-Objekt (Blob-SHA): aendert sich die Datei, faellt der Fund nicht mehr darunter. abdruck = SHA-256 des Fundtextes, 16 Hex. Jeder Eintrag braucht eine Klasse aus 'klassen' und eine Begruendung.",
  "klassen": {
    "pruefsumme": "Hex-Pruefsumme oder Objektkennung (SHA-1/SHA-256/Blob-ID) in einem Beleg, Manifest oder Register -- Entropie ohne Zugang",
    "testdatum": "Erfundene Testdaten in Tests, Werkzeugen oder Belegen (Beispiel-Login, Kontonummer, Commit-Kennung), nachgelesen: kein echtes Konto",
    "adresse-lokal": "Loopback- oder Beispieladresse mit Port (127.0.0.1) in Code oder Beleg -- kein erreichbarer Dienst"
  },
  "eintraege": [
    {"objekt": "a7197b329db0bf6a46f1c39061c427587b36a89d", "pfad": "AUFTRAG/stufen/03-simulator/belege/06-trials-abzug.jsonl", "ort": "lebend", "zeile": 1, "gattung": "detect-secrets: Hex High Entropy String", "abdruck": "e4da7e3b246104d8", "klasse": "pruefsumme", "begruendung": "Versuchsregister-Abzug: code_commit (Git-SHA-1, 40 Hex) und data_checksum (SHA-256 der Daten, 64 Hex); Kennungen, kein Zugang"},
    {"objekt": "a7197b329db0bf6a46f1c39061c427587b36a89d", "pfad": "AUFTRAG/stufen/03-simulator/belege/06-trials-abzug.jsonl", "ort": "lebend", "zeile": 1, "gattung": "detect-secrets: Hex High Entropy String", "abdruck": "e14afd59d4ce5967", "klasse": "pruefsumme", "begruendung": "Versuchsregister-Abzug: code_commit (Git-SHA-1, 40 Hex) und data_checksum (SHA-256 der Daten, 64 Hex); Kennungen, kein Zugang"},
    {"objekt": "a7197b329db0bf6a46f1c39061c427587b36a89d", "pfad": "AUFTRAG/stufen/03-simulator/belege/06-trials-abzug.jsonl", "ort": "lebend", "zeile": 2, "gattung": "detect-secrets: Hex High Entropy String", "abdruck": "a32d0107df8e8e23", "klasse": "pruefsumme", "begruendung": "Versuchsregister-Abzug: code_commit (Git-SHA-1, 40 Hex) und data_checksum (SHA-256 der Daten, 64 Hex); Kennungen, kein Zugang"},
    {"objekt": "a7197b329db0bf6a46f1c39061c427587b36a89d", "pfad": "AUFTRAG/stufen/03-simulator/belege/06-trials-abzug.jsonl", "ort": "lebend", "zeile": 7, "gattung": "detect-secrets: Hex High Entropy String", "abdruck": "592370ac49cae370", "klasse": "pruefsumme", "begruendung": "Versuchsregister-Abzug: code_commit (Git-SHA-1, 40 Hex) und data_checksum (SHA-256 der Daten, 64 Hex); Kennungen, kein Zugang"},
    {"objekt": "a7197b329db0bf6a46f1c39061c427587b36a89d", "pfad": "AUFTRAG/stufen/03-simulator/belege/06-trials-abzug.jsonl", "ort": "lebend", "zeile": 8, "gattung": "detect-secrets: Hex High Entropy String", "abdruck": "7f7b2c30d1f8c263", "klasse": "pruefsumme", "begruendung": "Versuchsregister-Abzug: code_commit (Git-SHA-1, 40 Hex) und data_checksum (SHA-256 der Daten, 64 Hex); Kennungen, kein Zugang"},
    {"objekt": "a7197b329db0bf6a46f1c39061c427587b36a89d", "pfad": "AUFTRAG/stufen/03-simulator/belege/06-trials-abzug.jsonl", "ort": "lebend", "zeile": 8, "gattung": "detect-secrets: Hex High Entropy String", "abdruck": "d4a795dc7afed98d", "klasse": "pruefsumme", "begruendung": "Versuchsregister-Abzug: code_commit (Git-SHA-1, 40 Hex) und data_checksum (SHA-256 der Daten, 64 Hex); Kennungen, kein Zugang"},
    {"objekt": "a7197b329db0bf6a46f1c39061c427587b36a89d", "pfad": "AUFTRAG/stufen/03-simulator/belege/06-trials-abzug.jsonl", "ort": "lebend", "zeile": 9, "gattung": "detect-secrets: Hex High Entropy String", "abdruck": "ae4df02a0e62ab74", "klasse": "pruefsumme", "begruendung": "Versuchsregister-Abzug: code_commit (Git-SHA-1, 40 Hex) und data_checksum (SHA-256 der Daten, 64 Hex); Kennungen, kein Zugang"},
    {"objekt": "a7197b329db0bf6a46f1c39061c427587b36a89d", "pfad": "AUFTRAG/stufen/03-simulator/belege/06-trials-abzug.jsonl", "ort": "lebend", "zeile": 10, "gattung": "detect-secrets: Hex High Entropy String", "abdruck": "a5a94f5d550227f7", "klasse": "pruefsumme", "begruendung": "Versuchsregister-Abzug: code_commit (Git-SHA-1, 40 Hex) und data_checksum (SHA-256 der Daten, 64 Hex); Kennungen, kein Zugang"},
    {"objekt": "a7197b329db0bf6a46f1c39061c427587b36a89d", "pfad": "AUFTRAG/stufen/03-simulator/belege/06-trials-abzug.jsonl", "ort": "lebend", "zeile": 11, "gattung": "detect-secrets: Hex High Entropy String", "abdruck": "64cbc41f4ba90237", "klasse": "pruefsumme", "begruendung": "Versuchsregister-Abzug: code_commit (Git-SHA-1, 40 Hex) und data_checksum (SHA-256 der Daten, 64 Hex); Kennungen, kein Zugang"},
    {"objekt": "a7197b329db0bf6a46f1c39061c427587b36a89d", "pfad": "AUFTRAG/stufen/03-simulator/belege/06-trials-abzug.jsonl", "ort": "lebend", "zeile": 12, "gattung": "detect-secrets: Hex High Entropy String", "abdruck": "8aecab830158c8cf", "klasse": "pruefsumme", "begruendung": "Versuchsregister-Abzug: code_commit (Git-SHA-1, 40 Hex) und data_checksum (SHA-256 der Daten, 64 Hex); Kennungen, kein Zugang"},
    {"objekt": "a7197b329db0bf6a46f1c39061c427587b36a89d", "pfad": "AUFTRAG/stufen/03-simulator/belege/06-trials-abzug.jsonl", "ort": "lebend", "zeile": 13, "gattung": "detect-secrets: Hex High Entropy String", "abdruck": "02ce2d1f73957dde", "klasse": "pruefsumme", "begruendung": "Versuchsregister-Abzug: code_commit (Git-SHA-1, 40 Hex) und data_checksum (SHA-256 der Daten, 64 Hex); Kennungen, kein Zugang"},
    {"objekt": "f0e8827315904c02c98342e88a8f8355e2ea926e", "pfad": "PROGRAMM/auftrag-01-fundament/belege/03-nachstellung/risikozustand.json", "ort": "lebend", "zeile": 3, "gattung": "detect-secrets: Hex High Entropy String", "abdruck": "a4b87f41421000dd", "klasse": "testdatum", "begruendung": "Nachstellungs-Beleg (pruefung.py, Fake-Terminal mit login=1): PBKDF2-Abdruck und Zufallssalz der Kontobindung fuer den Beispiel-Login 1, kein echtes Konto"},
    {"objekt": "f0e8827315904c02c98342e88a8f8355e2ea926e", "pfad": "PROGRAMM/auftrag-01-fundament/belege/03-nachstellung/risikozustand.json", "ort": "lebend", "zeile": 5, "gattung": "detect-secrets: Hex High Entropy String", "abdruck": "84beca1ebcabb191", "klasse": "testdatum", "begruendung": "Nachstellungs-Beleg (pruefung.py, Fake-Terminal mit login=1): PBKDF2-Abdruck und Zufallssalz der Kontobindung fuer den Beispiel-Login 1, kein echtes Konto"},
    {"objekt": "9cb32bf97b018b5e48f5be29211c05f900e89b93", "pfad": "PROGRAMM/auftrag-01-fundament/belege/06-zustand-umbau-tests.py", "ort": "lebend", "zeile": 914, "gattung": "Muster: Kontonummer (account/konto = 6-12 Ziffern)", "abdruck": "6ea9714d738188f0", "klasse": "testdatum", "begruendung": "Zitat einer Testzeile in einem Umbau- oder Belegskript des Programms; Beispiel-Kontonummer der Tests (KONTO-Konstante, account_id/konto_id am Fake-Terminal); dieselbe Zahl fuehrt tests/test_risiko_zustand_geheimnis.py als Beispiel-Login; Waehrung in den Tests USD, Demokonto EUR; nicht das Demokonto (Abgleich mit der echten Kontonummer nur durch Philipp, siehe bericht.md)"},
    {"objekt": "32e33b5e6373d6799a50fcc00b5efefcc5a01b7b", "pfad": "PROGRAMM/eingang/pruef_ausgaben/05_tool_geheimnis_scan_mit_detect_secrets.txt", "ort": "PROGRAMM/eingang/", "zeile": 60, "gattung": "Muster: Kontonummer (account/konto = 6-12 Ziffern)", "abdruck": "881eeaf012c66701", "klasse": "testdatum", "begruendung": "Zitat der Testzeilen im Messprotokoll der Bewertung (alter Scan-Lauf); Beispiel-Kontonummer der Tests (KONTO-Konstante, account_id/konto_id am Fake-Terminal); dieselbe Zahl fuehrt tests/test_risiko_zustand_geheimnis.py als Beispiel-Login; Waehrung in den Tests USD, Demokonto EUR; nicht das Demokonto (Abgleich mit der echten Kontonummer nur durch Philipp, siehe bericht.md)"},
    {"objekt": "32e33b5e6373d6799a50fcc00b5efefcc5a01b7b", "pfad": "PROGRAMM/eingang/pruef_ausgaben/05_tool_geheimnis_scan_mit_detect_secrets.txt", "ort": "PROGRAMM/eingang/", "zeile": 61, "gattung": "Muster: Kontonummer (account/konto = 6-12 Ziffern)", "abdruck": "b0e21166e5607b31", "klasse": "testdatum", "begruendung": "Zitat der Testzeilen im Messprotokoll der Bewertung (alter Scan-Lauf); Beispiel-Kontonummer der Tests (KONTO-Konstante, account_id/konto_id am Fake-Terminal); dieselbe Zahl fuehrt tests/test_risiko_zustand_geheimnis.py als Beispiel-Login; Waehrung in den Tests USD, Demokonto EUR; nicht das Demokonto (Abgleich mit der echten Kontonummer nur durch Philipp, siehe bericht.md)"},
    {"objekt": "32e33b5e6373d6799a50fcc00b5efefcc5a01b7b", "pfad": "PROGRAMM/eingang/pruef_ausgaben/05_tool_geheimnis_scan_mit_detect_secrets.txt", "ort": "PROGRAMM/eingang/", "zeile": 62, "gattung": "Muster: Kontonummer (account/konto = 6-12 Ziffern)", "abdruck": "06dcf1849101a625", "klasse": "testdatum", "begruendung": "Zitat der Testzeilen im Messprotokoll der Bewertung (alter Scan-Lauf); Beispiel-Kontonummer der Tests (KONTO-Konstante, account_id/konto_id am Fake-Terminal); dieselbe Zahl fuehrt tests/test_risiko_zustand_geheimnis.py als Beispiel-Login; Waehrung in den Tests USD, Demokonto EUR; nicht das Demokonto (Abgleich mit der echten Kontonummer nur durch Philipp, siehe bericht.md)"},
    {"objekt": "32e33b5e6373d6799a50fcc00b5efefcc5a01b7b", "pfad": "PROGRAMM/eingang/pruef_ausgaben/05_tool_geheimnis_scan_mit_detect_secrets.txt", "ort": "PROGRAMM/eingang/", "zeile": 67, "gattung": "Muster: Kontonummer (account/konto = 6-12 Ziffern)", "abdruck": "bc135ef25730ade3", "klasse": "testdatum", "begruendung": "Zitat der Testzeilen im Messprotokoll der Bewertung (alter Scan-Lauf); Beispiel-Kontonummer der Tests (KONTO-Konstante, account_id/konto_id am Fake-Terminal); dieselbe Zahl fuehrt tests/test_risiko_zustand_geheimnis.py als Beispiel-Login; Waehrung in den Tests USD, Demokonto EUR; nicht das Demokonto (Abgleich mit der echten Kontonummer nur durch Philipp, siehe bericht.md)"},
    {"objekt": "32e33b5e6373d6799a50fcc00b5efefcc5a01b7b", "pfad": "PROGRAMM/eingang/pruef_ausgaben/05_tool_geheimnis_scan_mit_detect_secrets.txt", "ort": "PROGRAMM/eingang/", "zeile": 68, "gattung": "Muster: Kontonummer (account/konto = 6-12 Ziffern)", "abdruck": "6ea9714d738188f0", "klasse": "testdatum", "begruendung": "Zitat der Testzeilen im Messprotokoll der Bewertung (alter Scan-Lauf); Beispiel-Kontonummer der Tests (KONTO-Konstante, account_id/konto_id am Fake-Terminal); dieselbe Zahl fuehrt tests/test_risiko_zustand_geheimnis.py als Beispiel-Login; Waehrung in den Tests USD, Demokonto EUR; nicht das Demokonto (Abgleich mit der echten Kontonummer nur durch Philipp, siehe bericht.md)"},
    {"objekt": "32e33b5e6373d6799a50fcc00b5efefcc5a01b7b", "pfad": "PROGRAMM/eingang/pruef_ausgaben/05_tool_geheimnis_scan_mit_detect_secrets.txt", "ort": "PROGRAMM/eingang/", "zeile": 71, "gattung": "Muster: IP-Adresse mit Port", "abdruck": "8ef0c5f2dc450c07", "klasse": "adresse-lokal", "begruendung": "Loopback-Adresse (127.0.0.1) mit Port der in T5 geloeschten Oberflaeche tools/oberflaeche.py bzw. deren Protokoll in PROGRAMM/eingang; kein erreichbarer Dienst"},
    {"objekt": "cd9b209bfde8d939dff03e962eed39229f408723", "pfad": "PROGRAMM/eingang/pruef_ausgaben/05_tool_oberflaeche_kein_browser.txt", "ort": "PROGRAMM/eingang/", "zeile": 9, "gattung": "Muster: IP-Adresse mit Port", "abdruck": "4aa3087f2edf07c1", "klasse": "adresse-lokal", "begruendung": "Loopback-Adresse (127.0.0.1) mit Port der in T5 geloeschten Oberflaeche tools/oberflaeche.py bzw. deren Protokoll in PROGRAMM/eingang; kein erreichbarer Dienst"},
    {"objekt": "3e519db340239ac8849cba5b49d36685de636149", "pfad": "PROGRAMM/eingang/pruef_ausgaben/05_tools_zusammenfassung.txt", "ort": "PROGRAMM/eingang/", "zeile": 407, "gattung": "Muster: IP-Adresse mit Port", "abdruck": "4aa3087f2edf07c1", "klasse": "adresse-lokal", "begruendung": "Loopback-Adresse (127.0.0.1) mit Port der in T5 geloeschten Oberflaeche tools/oberflaeche.py bzw. deren Protokoll in PROGRAMM/eingang; kein erreichbarer Dienst"},
    {"objekt": "5470fcb509f490aab25019623f0f284d6df3b8c1", "pfad": "PROGRAMM/eingang/pruef_ausgaben/nachproben/risikozustand.json", "ort": "PROGRAMM/eingang/", "zeile": 3, "gattung": "detect-secrets: Hex High Entropy String", "abdruck": "ee8d4cabb58276d9", "klasse": "testdatum", "begruendung": "Nachstellungs-Beleg (pruefung.py, Fake-Terminal mit login=1): PBKDF2-Abdruck und Zufallssalz der Kontobindung fuer den Beispiel-Login 1, kein echtes Konto"},
    {"objekt": "5470fcb509f490aab25019623f0f284d6df3b8c1", "pfad": "PROGRAMM/eingang/pruef_ausgaben/nachproben/risikozustand.json", "ort": "PROGRAMM/eingang/", "zeile": 5, "gattung": "detect-secrets: Hex High Entropy String", "abdruck": "fa39cabda9cad318", "klasse": "testdatum", "begruendung": "Nachstellungs-Beleg (pruefung.py, Fake-Terminal mit login=1): PBKDF2-Abdruck und Zufallssalz der Kontobindung fuer den Beispiel-Login 1, kein echtes Konto"},
    {"objekt": "5d27bb1d3ea0482133064bb07740a6ade328c219", "pfad": "archiv/ABSCHLUSS-3a/07-AUSGABEN/trials.jsonl", "ort": "archiv/", "zeile": 1, "gattung": "detect-secrets: Hex High Entropy String", "abdruck": "e4da7e3b246104d8", "klasse": "pruefsumme", "begruendung": "Versuchsregister-Abzug: code_commit (Git-SHA-1, 40 Hex) und data_checksum (SHA-256 der Daten, 64 Hex); Kennungen, kein Zugang"},
    {"objekt": "5d27bb1d3ea0482133064bb07740a6ade328c219", "pfad": "archiv/ABSCHLUSS-3a/07-AUSGABEN/trials.jsonl", "ort": "archiv/", "zeile": 1, "gattung": "detect-secrets: Hex High Entropy String", "abdruck": "e14afd59d4ce5967", "klasse": "pruefsumme", "begruendung": "Versuchsregister-Abzug: code_commit (Git-SHA-1, 40 Hex) und data_checksum (SHA-256 der Daten, 64 Hex); Kennungen, kein Zugang"},
    {"objekt": "5d27bb1d3ea0482133064bb07740a6ade328c219", "pfad": "archiv/ABSCHLUSS-3a/07-AUSGABEN/trials.jsonl", "ort": "archiv/", "zeile": 2, "gattung": "detect-secrets: Hex High Entropy String", "abdruck": "a32d0107df8e8e23", "klasse": "pruefsumme", "begruendung": "Versuchsregister-Abzug: code_commit (Git-SHA-1, 40 Hex) und data_checksum (SHA-256 der Daten, 64 Hex); Kennungen, kein Zugang"},
    {"objekt": "5d27bb1d3ea0482133064bb07740a6ade328c219", "pfad": "archiv/ABSCHLUSS-3a/07-AUSGABEN/trials.jsonl", "ort": "archiv/", "zeile": 7, "gattung": "detect-secrets: Hex High Entropy String", "abdruck": "592370ac49cae370", "klasse": "pruefsumme", "begruendung": "Versuchsregister-Abzug: code_commit (Git-SHA-1, 40 Hex) und data_checksum (SHA-256 der Daten, 64 Hex); Kennungen, kein Zugang"},
    {"objekt": "fb19897724507ef7216cd9bc5c687850b4da111d", "pfad": "archiv/AUFTRAG/stufen/03-simulator/belege/06-trials-abzug.jsonl", "ort": "archiv/", "zeile": 1, "gattung": "detect-secrets: Hex High Entropy String", "abdruck": "e4da7e3b246104d8", "klasse": "pruefsumme", "begruendung": "Versuchsregister-Abzug: code_commit (Git-SHA-1, 40 Hex) und data_checksum (SHA-256 der Daten, 64 Hex); Kennungen, kein Zugang"},
    {"objekt": "fb19897724507ef7216cd9bc5c687850b4da111d", "pfad": "archiv/AUFTRAG/stufen/03-simulator/belege/06-trials-abzug.jsonl", "ort": "archiv/", "zeile": 1, "gattung": "detect-secrets: Hex High Entropy String", "abdruck": "e14afd59d4ce5967", "klasse": "pruefsumme", "begruendung": "Versuchsregister-Abzug: code_commit (Git-SHA-1, 40 Hex) und data_checksum (SHA-256 der Daten, 64 Hex); Kennungen, kein Zugang"},
    {"objekt": "fb19897724507ef7216cd9bc5c687850b4da111d", "pfad": "archiv/AUFTRAG/stufen/03-simulator/belege/06-trials-abzug.jsonl", "ort": "archiv/", "zeile": 2, "gattung": "detect-secrets: Hex High Entropy String", "abdruck": "a32d0107df8e8e23", "klasse": "pruefsumme", "begruendung": "Versuchsregister-Abzug: code_commit (Git-SHA-1, 40 Hex) und data_checksum (SHA-256 der Daten, 64 Hex); Kennungen, kein Zugang"},
    {"objekt": "fb19897724507ef7216cd9bc5c687850b4da111d", "pfad": "archiv/AUFTRAG/stufen/03-simulator/belege/06-trials-abzug.jsonl", "ort": "archiv/", "zeile": 7, "gattung": "detect-secrets: Hex High Entropy String", "abdruck": "592370ac49cae370", "klasse": "pruefsumme", "begruendung": "Versuchsregister-Abzug: code_commit (Git-SHA-1, 40 Hex) und data_checksum (SHA-256 der Daten, 64 Hex); Kennungen, kein Zugang"},
    {"objekt": "fb19897724507ef7216cd9bc5c687850b4da111d", "pfad": "archiv/AUFTRAG/stufen/03-simulator/belege/06-trials-abzug.jsonl", "ort": "archiv/", "zeile": 8, "gattung": "detect-secrets: Hex High Entropy String", "abdruck": "7f7b2c30d1f8c263", "klasse": "pruefsumme", "begruendung": "Versuchsregister-Abzug: code_commit (Git-SHA-1, 40 Hex) und data_checksum (SHA-256 der Daten, 64 Hex); Kennungen, kein Zugang"},
    {"objekt": "fb19897724507ef7216cd9bc5c687850b4da111d", "pfad": "archiv/AUFTRAG/stufen/03-simulator/belege/06-trials-abzug.jsonl", "ort": "archiv/", "zeile": 8, "gattung": "detect-secrets: Hex High Entropy String", "abdruck": "d4a795dc7afed98d", "klasse": "pruefsumme", "begruendung": "Versuchsregister-Abzug: code_commit (Git-SHA-1, 40 Hex) und data_checksum (SHA-256 der Daten, 64 Hex); Kennungen, kein Zugang"},
    {"objekt": "fb19897724507ef7216cd9bc5c687850b4da111d", "pfad": "archiv/AUFTRAG/stufen/03-simulator/belege/06-trials-abzug.jsonl", "ort": "archiv/", "zeile": 9, "gattung": "detect-secrets: Hex High Entropy String", "abdruck": "ae4df02a0e62ab74", "klasse": "pruefsumme", "begruendung": "Versuchsregister-Abzug: code_commit (Git-SHA-1, 40 Hex) und data_checksum (SHA-256 der Daten, 64 Hex); Kennungen, kein Zugang"},
    {"objekt": "fb19897724507ef7216cd9bc5c687850b4da111d", "pfad": "archiv/AUFTRAG/stufen/03-simulator/belege/06-trials-abzug.jsonl", "ort": "archiv/", "zeile": 10, "gattung": "detect-secrets: Hex High Entropy String", "abdruck": "a5a94f5d550227f7", "klasse": "pruefsumme", "begruendung": "Versuchsregister-Abzug: code_commit (Git-SHA-1, 40 Hex) und data_checksum (SHA-256 der Daten, 64 Hex); Kennungen, kein Zugang"},
    {"objekt": "fb19897724507ef7216cd9bc5c687850b4da111d", "pfad": "archiv/AUFTRAG/stufen/03-simulator/belege/06-trials-abzug.jsonl", "ort": "archiv/", "zeile": 11, "gattung": "detect-secrets: Hex High Entropy String", "abdruck": "64cbc41f4ba90237", "klasse": "pruefsumme", "begruendung": "Versuchsregister-Abzug: code_commit (Git-SHA-1, 40 Hex) und data_checksum (SHA-256 der Daten, 64 Hex); Kennungen, kein Zugang"},
    {"objekt": "fb19897724507ef7216cd9bc5c687850b4da111d", "pfad": "archiv/AUFTRAG/stufen/03-simulator/belege/06-trials-abzug.jsonl", "ort": "archiv/", "zeile": 12, "gattung": "detect-secrets: Hex High Entropy String", "abdruck": "8aecab830158c8cf", "klasse": "pruefsumme", "begruendung": "Versuchsregister-Abzug: code_commit (Git-SHA-1, 40 Hex) und data_checksum (SHA-256 der Daten, 64 Hex); Kennungen, kein Zugang"},
    {"objekt": "fb19897724507ef7216cd9bc5c687850b4da111d", "pfad": "archiv/AUFTRAG/stufen/03-simulator/belege/06-trials-abzug.jsonl", "ort": "archiv/", "zeile": 13, "gattung": "detect-secrets: Hex High Entropy String", "abdruck": "02ce2d1f73957dde", "klasse": "pruefsumme", "begruendung": "Versuchsregister-Abzug: code_commit (Git-SHA-1, 40 Hex) und data_checksum (SHA-256 der Daten, 64 Hex); Kennungen, kein Zugang"},
    {"objekt": "fb19897724507ef7216cd9bc5c687850b4da111d", "pfad": "archiv/AUFTRAG/stufen/03-simulator/belege/06-trials-abzug.jsonl", "ort": "archiv/", "zeile": 26, "gattung": "detect-secrets: Hex High Entropy String", "abdruck": "40fbcdf414b15781", "klasse": "pruefsumme", "begruendung": "Versuchsregister-Abzug: code_commit (Git-SHA-1, 40 Hex) und data_checksum (SHA-256 der Daten, 64 Hex); Kennungen, kein Zugang"},
    {"objekt": "03942117ffb7be7f68bd06b1af4142d9656ff3a8", "pfad": "config/reihen/DE40_D1.manifest.json", "ort": "lebend", "zeile": 7, "gattung": "detect-secrets: Hex High Entropy String", "abdruck": "09095e23f3bf6e99", "klasse": "pruefsumme", "begruendung": "SHA-256 der Datenreihe im Manifest (Feld checksum/bars_checksum, 64 Hex): Datenpruefsumme, kein Zugang"},
    {"objekt": "506c83119da38817a43ed22351c1b784f9984d5a", "pfad": "config/reihen/DE40_D1.manifest.json", "ort": "lebend", "zeile": 7, "gattung": "detect-secrets: Hex High Entropy String", "abdruck": "1fc785cc1115f7e7", "klasse": "pruefsumme", "begruendung": "SHA-256 der Datenreihe im Manifest (Feld checksum/bars_checksum, 64 Hex): Datenpruefsumme, kein Zugang"},
    {"objekt": "1eb979bcec7e7c41cf4b4eedc474350f58068344", "pfad": "config/reihen/DE40_H1.manifest.json", "ort": "lebend", "zeile": 7, "gattung": "detect-secrets: Hex High Entropy String", "abdruck": "a192169401c31dcc", "klasse": "pruefsumme", "begruendung": "SHA-256 der Datenreihe im Manifest (Feld checksum/bars_checksum, 64 Hex): Datenpruefsumme, kein Zugang"},
    {"objekt": "f8f9a40ce772385f34eae84390bb7d91d018606c", "pfad": "config/reihen/DE40_H1.manifest.json", "ort": "lebend", "zeile": 7, "gattung": "detect-secrets: Hex High Entropy String", "abdruck": "498c4c6625eef19f", "klasse": "pruefsumme", "begruendung": "SHA-256 der Datenreihe im Manifest (Feld checksum/bars_checksum, 64 Hex): Datenpruefsumme, kein Zugang"},
    {"objekt": "9506ef0eedbe59a7a6f961696a076415621c6a2f", "pfad": "config/reihen/DE40_H4.manifest.json", "ort": "lebend", "zeile": 7, "gattung": "detect-secrets: Hex High Entropy String", "abdruck": "9152139cf70b56d7", "klasse": "pruefsumme", "begruendung": "SHA-256 der Datenreihe im Manifest (Feld checksum/bars_checksum, 64 Hex): Datenpruefsumme, kein Zugang"},
    {"objekt": "b0f89223f813c70293dddbfa181883f0b32f550e", "pfad": "config/reihen/DE40_H4.manifest.json", "ort": "lebend", "zeile": 7, "gattung": "detect-secrets: Hex High Entropy String", "abdruck": "908b7d59d2466c98", "klasse": "pruefsumme", "begruendung": "SHA-256 der Datenreihe im Manifest (Feld checksum/bars_checksum, 64 Hex): Datenpruefsumme, kein Zugang"},
    {"objekt": "722c59c9b1ec2cedda0949b474c0103751274160", "pfad": "config/reihen/EURUSD_D1.manifest.json", "ort": "lebend", "zeile": 7, "gattung": "detect-secrets: Hex High Entropy String", "abdruck": "a097d8abb31c3a7e", "klasse": "pruefsumme", "begruendung": "SHA-256 der Datenreihe im Manifest (Feld checksum/bars_checksum, 64 Hex): Datenpruefsumme, kein Zugang"},
    {"objekt": "f39178a82518a292b2cd62f908e2783244a72487", "pfad": "config/reihen/EURUSD_D1.manifest.json", "ort": "lebend", "zeile": 7, "gattung": "detect-secrets: Hex High Entropy String", "abdruck": "f9fa3e3810af66be", "klasse": "pruefsumme", "begruendung": "SHA-256 der Datenreihe im Manifest (Feld checksum/bars_checksum, 64 Hex): Datenpruefsumme, kein Zugang"},
    {"objekt": "4307c5473dad450e5004b28340707127d337257e", "pfad": "config/reihen/EURUSD_H1.manifest.json", "ort": "lebend", "zeile": 7, "gattung": "detect-secrets: Hex High Entropy String", "abdruck": "e14afd59d4ce5967", "klasse": "pruefsumme", "begruendung": "SHA-256 der Datenreihe im Manifest (Feld checksum/bars_checksum, 64 Hex): Datenpruefsumme, kein Zugang"},
    {"objekt": "de59075adc703e4d7a396f3e097d6e2599cb44eb", "pfad": "config/reihen/EURUSD_H1.manifest.json", "ort": "lebend", "zeile": 7, "gattung": "detect-secrets: Hex High Entropy String", "abdruck": "9adc0dd8b073892c", "klasse": "pruefsumme", "begruendung": "SHA-256 der Datenreihe im Manifest (Feld checksum/bars_checksum, 64 Hex): Datenpruefsumme, kein Zugang"},
    {"objekt": "c8d080588c7a50e6ecdb518238649efbd0826251", "pfad": "config/reihen/EURUSD_H4.manifest.json", "ort": "lebend", "zeile": 7, "gattung": "detect-secrets: Hex High Entropy String", "abdruck": "5fe6cd5553783c85", "klasse": "pruefsumme", "begruendung": "SHA-256 der Datenreihe im Manifest (Feld checksum/bars_checksum, 64 Hex): Datenpruefsumme, kein Zugang"},
    {"objekt": "feb97d8bb6c6f16df945b0cd8d33441dde3ff4d6", "pfad": "config/reihen/EURUSD_H4.manifest.json", "ort": "lebend", "zeile": 7, "gattung": "detect-secrets: Hex High Entropy String", "abdruck": "e6dcbb0d90dc8d29", "klasse": "pruefsumme", "begruendung": "SHA-256 der Datenreihe im Manifest (Feld checksum/bars_checksum, 64 Hex): Datenpruefsumme, kein Zugang"},
    {"objekt": "4b5661ea31220062353fcb8bc83ba5780930fd78", "pfad": "config/reihen/GBPJPY_D1.manifest.json", "ort": "lebend", "zeile": 7, "gattung": "detect-secrets: Hex High Entropy String", "abdruck": "9014143bf54df963", "klasse": "pruefsumme", "begruendung": "SHA-256 der Datenreihe im Manifest (Feld checksum/bars_checksum, 64 Hex): Datenpruefsumme, kein Zugang"},
    {"objekt": "f5307d84efa6f8d64c0a2f7a676e7a2cebb2479f", "pfad": "config/reihen/GBPJPY_D1.manifest.json", "ort": "lebend", "zeile": 7, "gattung": "detect-secrets: Hex High Entropy String", "abdruck": "48190c3920628f1b", "klasse": "pruefsumme", "begruendung": "SHA-256 der Datenreihe im Manifest (Feld checksum/bars_checksum, 64 Hex): Datenpruefsumme, kein Zugang"},
    {"objekt": "963eaf1b8744f6ea94247724a89a009989489347", "pfad": "config/reihen/GBPJPY_H1.manifest.json", "ort": "lebend", "zeile": 7, "gattung": "detect-secrets: Hex High Entropy String", "abdruck": "a32d0107df8e8e23", "klasse": "pruefsumme", "begruendung": "SHA-256 der Datenreihe im Manifest (Feld checksum/bars_checksum, 64 Hex): Datenpruefsumme, kein Zugang"},
    {"objekt": "a49603ffd0d3ff83e1282ee2afb79bf6ba97e68d", "pfad": "config/reihen/GBPJPY_H1.manifest.json", "ort": "lebend", "zeile": 7, "gattung": "detect-secrets: Hex High Entropy String", "abdruck": "1a54f8ee458fed9c", "klasse": "pruefsumme", "begruendung": "SHA-256 der Datenreihe im Manifest (Feld checksum/bars_checksum, 64 Hex): Datenpruefsumme, kein Zugang"},
    {"objekt": "addd8fd569aca4ffdc7f451aa461c6f006aa520c", "pfad": "config/reihen/GBPJPY_H4.manifest.json", "ort": "lebend", "zeile": 7, "gattung": "detect-secrets: Hex High Entropy String", "abdruck": "107dc5079b3322bb", "klasse": "pruefsumme", "begruendung": "SHA-256 der Datenreihe im Manifest (Feld checksum/bars_checksum, 64 Hex): Datenpruefsumme, kein Zugang"},
    {"objekt": "d67acc1339a8e7e21e925fc0c75f56c8c662057f", "pfad": "config/reihen/GBPJPY_H4.manifest.json", "ort": "lebend", "zeile": 7, "gattung": "detect-secrets: Hex High Entropy String", "abdruck": "a9a62b2511818f38", "klasse": "pruefsumme", "begruendung": "SHA-256 der Datenreihe im Manifest (Feld checksum/bars_checksum, 64 Hex): Datenpruefsumme, kein Zugang"},
    {"objekt": "5b9d4b19b20d9d7eaa673ba3438da6d593354fa0", "pfad": "config/reihen/NVDA_D1.manifest.json", "ort": "lebend", "zeile": 7, "gattung": "detect-secrets: Hex High Entropy String", "abdruck": "0ce8cb5e0bce8783", "klasse": "pruefsumme", "begruendung": "SHA-256 der Datenreihe im Manifest (Feld checksum/bars_checksum, 64 Hex): Datenpruefsumme, kein Zugang"},
    {"objekt": "c78267a6cea144a38e62b2a304ad9c9faea892ea", "pfad": "config/reihen/NVDA_D1.manifest.json", "ort": "lebend", "zeile": 7, "gattung": "detect-secrets: Hex High Entropy String", "abdruck": "0ce8cb5e0bce8783", "klasse": "pruefsumme", "begruendung": "SHA-256 der Datenreihe im Manifest (Feld checksum/bars_checksum, 64 Hex): Datenpruefsumme, kein Zugang"},
    {"objekt": "4a537dc2c23c0a73a4eb7c6f8a301b7f8b897e33", "pfad": "config/reihen/NVDA_H1.manifest.json", "ort": "lebend", "zeile": 7, "gattung": "detect-secrets: Hex High Entropy String", "abdruck": "60634480fad99147", "klasse": "pruefsumme", "begruendung": "SHA-256 der Datenreihe im Manifest (Feld checksum/bars_checksum, 64 Hex): Datenpruefsumme, kein Zugang"},
    {"objekt": "e84a1183d6dddd5450712d3c2715ec5fc83d3e64", "pfad": "config/reihen/NVDA_H1.manifest.json", "ort": "lebend", "zeile": 7, "gattung": "detect-secrets: Hex High Entropy String", "abdruck": "592370ac49cae370", "klasse": "pruefsumme", "begruendung": "SHA-256 der Datenreihe im Manifest (Feld checksum/bars_checksum, 64 Hex): Datenpruefsumme, kein Zugang"},
    {"objekt": "56a2a94d5a8dbddc7054af2c5fb4b34d581c3990", "pfad": "config/reihen/NVDA_H4.manifest.json", "ort": "lebend", "zeile": 7, "gattung": "detect-secrets: Hex High Entropy String", "abdruck": "8d78735d9658f3ab", "klasse": "pruefsumme", "begruendung": "SHA-256 der Datenreihe im Manifest (Feld checksum/bars_checksum, 64 Hex): Datenpruefsumme, kein Zugang"},
    {"objekt": "db12332f01e6323937ea97765ec693824e0e13b5", "pfad": "config/reihen/NVDA_H4.manifest.json", "ort": "lebend", "zeile": 7, "gattung": "detect-secrets: Hex High Entropy String", "abdruck": "8d78735d9658f3ab", "klasse": "pruefsumme", "begruendung": "SHA-256 der Datenreihe im Manifest (Feld checksum/bars_checksum, 64 Hex): Datenpruefsumme, kein Zugang"},
    {"objekt": "e8155e07f8a24388310908833ddb7e235c1ee71c", "pfad": "config/reihen/XAUUSD_D1.manifest.json", "ort": "lebend", "zeile": 7, "gattung": "detect-secrets: Hex High Entropy String", "abdruck": "c8929b0859c6b0fb", "klasse": "pruefsumme", "begruendung": "SHA-256 der Datenreihe im Manifest (Feld checksum/bars_checksum, 64 Hex): Datenpruefsumme, kein Zugang"},
    {"objekt": "f0bf1fc9cc787203e75c7f87848e03242fa4a41f", "pfad": "config/reihen/XAUUSD_D1.manifest.json", "ort": "lebend", "zeile": 7, "gattung": "detect-secrets: Hex High Entropy String", "abdruck": "efe7b7d7f4811108", "klasse": "pruefsumme", "begruendung": "SHA-256 der Datenreihe im Manifest (Feld checksum/bars_checksum, 64 Hex): Datenpruefsumme, kein Zugang"},
    {"objekt": "123b6f280895b14024b7e099f7319fd6ea8bee9b", "pfad": "config/reihen/XAUUSD_H1.manifest.json", "ort": "lebend", "zeile": 7, "gattung": "detect-secrets: Hex High Entropy String", "abdruck": "5782167b22a98bd8", "klasse": "pruefsumme", "begruendung": "SHA-256 der Datenreihe im Manifest (Feld checksum/bars_checksum, 64 Hex): Datenpruefsumme, kein Zugang"},
    {"objekt": "f65a134bc82d9c3bce3a638c36d226ceeabb635f", "pfad": "config/reihen/XAUUSD_H1.manifest.json", "ort": "lebend", "zeile": 7, "gattung": "detect-secrets: Hex High Entropy String", "abdruck": "75d3dea06c999be6", "klasse": "pruefsumme", "begruendung": "SHA-256 der Datenreihe im Manifest (Feld checksum/bars_checksum, 64 Hex): Datenpruefsumme, kein Zugang"},
    {"objekt": "17174b6db151a70e9710c43561e92e388e28c970", "pfad": "config/reihen/XAUUSD_H4.manifest.json", "ort": "lebend", "zeile": 7, "gattung": "detect-secrets: Hex High Entropy String", "abdruck": "60d7a5f1d706729e", "klasse": "pruefsumme", "begruendung": "SHA-256 der Datenreihe im Manifest (Feld checksum/bars_checksum, 64 Hex): Datenpruefsumme, kein Zugang"},
    {"objekt": "f22631b6bd70e6b51d1ce4e00f755ff053c3754f", "pfad": "config/reihen/XAUUSD_H4.manifest.json", "ort": "lebend", "zeile": 7, "gattung": "detect-secrets: Hex High Entropy String", "abdruck": "62bbc8c4902c8d1c", "klasse": "pruefsumme", "begruendung": "SHA-256 der Datenreihe im Manifest (Feld checksum/bars_checksum, 64 Hex): Datenpruefsumme, kein Zugang"},
    {"objekt": "38c40733a5f435f4768fb6d636c84265de91bb93", "pfad": "config/reihen_unabhaengig/EURUSD_D1.manifest.json", "ort": "lebend", "zeile": 11, "gattung": "detect-secrets: Hex High Entropy String", "abdruck": "f368dfd99f4648d3", "klasse": "pruefsumme", "begruendung": "SHA-256 der Datenreihe im Manifest (Feld checksum/bars_checksum, 64 Hex): Datenpruefsumme, kein Zugang"},
    {"objekt": "8c79f7923fb2c46f44d866c93cdf95ba3189cffe", "pfad": "config/reihen_unabhaengig/EURUSD_H1.manifest.json", "ort": "lebend", "zeile": 11, "gattung": "detect-secrets: Hex High Entropy String", "abdruck": "36823f59241ab4b2", "klasse": "pruefsumme", "begruendung": "SHA-256 der Datenreihe im Manifest (Feld checksum/bars_checksum, 64 Hex): Datenpruefsumme, kein Zugang"},
    {"objekt": "7c4dee984c5c4c874eff486d94a39dadb9d87154", "pfad": "tests/eichfall_d1.py", "ort": "lebend", "zeile": 64, "gattung": "Muster: Kontonummer (account/konto = 6-12 Ziffern)", "abdruck": "881eeaf012c66701", "klasse": "testdatum", "begruendung": "Beispiel-Kontonummer der Tests (KONTO-Konstante, account_id/konto_id am Fake-Terminal); dieselbe Zahl fuehrt tests/test_risiko_zustand_geheimnis.py als Beispiel-Login; Waehrung in den Tests USD, Demokonto EUR; nicht das Demokonto (Abgleich mit der echten Kontonummer nur durch Philipp, siehe bericht.md)"},
    {"objekt": "45842ef0e1a1b8d6cb880152c4014d48c2d98a0b", "pfad": "tests/fixtures/smoke_eurusd_d1.manifest.json", "ort": "lebend", "zeile": 3, "gattung": "detect-secrets: Hex High Entropy String", "abdruck": "9a313b6648aa5312", "klasse": "pruefsumme", "begruendung": "SHA-256 der Datenreihe im Manifest (Feld checksum/bars_checksum, 64 Hex): Datenpruefsumme, kein Zugang"},
    {"objekt": "fb3e5c8e71105f8e01415f515b486e09df4f7d9d", "pfad": "tests/fixtures/smoke_eurusd_h1.manifest.json", "ort": "lebend", "zeile": 3, "gattung": "detect-secrets: Hex High Entropy String", "abdruck": "5e4eaee02c1c4d6c", "klasse": "pruefsumme", "begruendung": "SHA-256 der Datenreihe im Manifest (Feld checksum/bars_checksum, 64 Hex): Datenpruefsumme, kein Zugang"},
    {"objekt": "6fb195d7e9dff6109ba2626d06a0373679b29bf2", "pfad": "tests/test_aufloesung_werkzeug.py", "ort": "lebend", "zeile": 220, "gattung": "detect-secrets: Hex High Entropy String", "abdruck": "c532c0bd52afa0c1", "klasse": "pruefsumme", "begruendung": "In Tests festgenagelte SHA-256 der Testreihe (PINNED_CHECKSUM bzw. Manifest-Pruefsumme aus tests/fixtures), Datenpruefsumme"},
    {"objekt": "2928d213e18de63d16bfc3f276aab58bc2397265", "pfad": "tests/test_aufloesung_werkzeug.py", "ort": "lebend", "zeile": 221, "gattung": "detect-secrets: Hex High Entropy String", "abdruck": "c532c0bd52afa0c1", "klasse": "pruefsumme", "begruendung": "In Tests festgenagelte SHA-256 der Testreihe (PINNED_CHECKSUM bzw. Manifest-Pruefsumme aus tests/fixtures), Datenpruefsumme"},
    {"objekt": "9cb45487a10bfb87930d3813a9c4ec3cb70125a1", "pfad": "tests/test_aufloesung_werkzeug.py", "ort": "lebend", "zeile": 222, "gattung": "detect-secrets: Hex High Entropy String", "abdruck": "c532c0bd52afa0c1", "klasse": "pruefsumme", "begruendung": "In Tests festgenagelte SHA-256 der Testreihe (PINNED_CHECKSUM bzw. Manifest-Pruefsumme aus tests/fixtures), Datenpruefsumme"},
    {"objekt": "f93a27a10e17340f1c6788d841461b5f1329e531", "pfad": "tests/test_aufloesung_werkzeug.py", "ort": "lebend", "zeile": 238, "gattung": "detect-secrets: Hex High Entropy String", "abdruck": "c532c0bd52afa0c1", "klasse": "pruefsumme", "begruendung": "In Tests festgenagelte SHA-256 der Testreihe (PINNED_CHECKSUM bzw. Manifest-Pruefsumme aus tests/fixtures), Datenpruefsumme"},
    {"objekt": "64901070bd2345f16043ed8dfe7ee0dee5b13836", "pfad": "tests/test_aufloesung_werkzeug.py", "ort": "lebend", "zeile": 242, "gattung": "detect-secrets: Hex High Entropy String", "abdruck": "c532c0bd52afa0c1", "klasse": "pruefsumme", "begruendung": "In Tests festgenagelte SHA-256 der Testreihe (PINNED_CHECKSUM bzw. Manifest-Pruefsumme aus tests/fixtures), Datenpruefsumme"},
    {"objekt": "6b4459f86039d8b470867b43d8d1cf7309518688", "pfad": "tests/test_aufloesung_werkzeug.py", "ort": "lebend", "zeile": 242, "gattung": "detect-secrets: Hex High Entropy String", "abdruck": "c532c0bd52afa0c1", "klasse": "pruefsumme", "begruendung": "In Tests festgenagelte SHA-256 der Testreihe (PINNED_CHECKSUM bzw. Manifest-Pruefsumme aus tests/fixtures), Datenpruefsumme"},
    {"objekt": "62bfabe849dc83c7cbe331f51c174beaa011cc4f", "pfad": "tests/test_e2e_smoke.py", "ort": "lebend", "zeile": 40, "gattung": "detect-secrets: Hex High Entropy String", "abdruck": "9a313b6648aa5312", "klasse": "pruefsumme", "begruendung": "In Tests festgenagelte SHA-256 der Testreihe (PINNED_CHECKSUM bzw. Manifest-Pruefsumme aus tests/fixtures), Datenpruefsumme"},
    {"objekt": "f3026dd37263778bfd518790d28b9c4e6babdcef", "pfad": "tests/test_e2e_smoke.py", "ort": "lebend", "zeile": 40, "gattung": "detect-secrets: Hex High Entropy String", "abdruck": "9a313b6648aa5312", "klasse": "pruefsumme", "begruendung": "In Tests festgenagelte SHA-256 der Testreihe (PINNED_CHECKSUM bzw. Manifest-Pruefsumme aus tests/fixtures), Datenpruefsumme"},
    {"objekt": "0b41665d607090abc8c9fd04a4e632d2411d6d0c", "pfad": "tests/test_edge_test_cli.py", "ort": "lebend", "zeile": 26, "gattung": "detect-secrets: Hex High Entropy String", "abdruck": "5e4eaee02c1c4d6c", "klasse": "pruefsumme", "begruendung": "In Tests festgenagelte SHA-256 der Testreihe (PINNED_CHECKSUM bzw. Manifest-Pruefsumme aus tests/fixtures), Datenpruefsumme"},
    {"objekt": "ac406e6a90e2540a04fb060beda0b61d5dcf6d2f", "pfad": "tests/test_edge_test_cli.py", "ort": "lebend", "zeile": 26, "gattung": "detect-secrets: Hex High Entropy String", "abdruck": "5e4eaee02c1c4d6c", "klasse": "pruefsumme", "begruendung": "In Tests festgenagelte SHA-256 der Testreihe (PINNED_CHECKSUM bzw. Manifest-Pruefsumme aus tests/fixtures), Datenpruefsumme"},
    {"objekt": "10ec3a99a71baf8bf6d73780a09054f73113e176", "pfad": "tests/test_ereignisstudie_werkzeug.py", "ort": "lebend", "zeile": 137, "gattung": "detect-secrets: Hex High Entropy String", "abdruck": "08fa6ff92d117559", "klasse": "testdatum", "begruendung": "Erfundene Commit-Kennung im Test (monkeypatch von _code_commit, 16 Hex mit Wortspiel), kein Zugang"},
    {"objekt": "7e57ec373073deec6c6105a66af71966ef37c8d8", "pfad": "tests/test_ereignisstudie_werkzeug.py", "ort": "lebend", "zeile": 137, "gattung": "detect-secrets: Hex High Entropy String", "abdruck": "08fa6ff92d117559", "klasse": "testdatum", "begruendung": "Erfundene Commit-Kennung im Test (monkeypatch von _code_commit, 16 Hex mit Wortspiel), kein Zugang"},
    {"objekt": "8eb347139823534f3a57ee3472c35333bd377fea", "pfad": "tests/test_ereignisstudie_werkzeug.py", "ort": "lebend", "zeile": 137, "gattung": "detect-secrets: Hex High Entropy String", "abdruck": "08fa6ff92d117559", "klasse": "testdatum", "begruendung": "Erfundene Commit-Kennung im Test (monkeypatch von _code_commit, 16 Hex mit Wortspiel), kein Zugang"},
    {"objekt": "afbee424fbba5a181dd065cc8bff384a0a769168", "pfad": "tests/test_ereignisstudie_werkzeug.py", "ort": "lebend", "zeile": 137, "gattung": "detect-secrets: Hex High Entropy String", "abdruck": "08fa6ff92d117559", "klasse": "testdatum", "begruendung": "Erfundene Commit-Kennung im Test (monkeypatch von _code_commit, 16 Hex mit Wortspiel), kein Zugang"},
    {"objekt": "f7ee32d158ec5b225eab0124314334c980762fdf", "pfad": "tests/test_ereignisstudie_werkzeug.py", "ort": "lebend", "zeile": 137, "gattung": "detect-secrets: Hex High Entropy String", "abdruck": "08fa6ff92d117559", "klasse": "testdatum", "begruendung": "Erfundene Commit-Kennung im Test (monkeypatch von _code_commit, 16 Hex mit Wortspiel), kein Zugang"},
    {"objekt": "093f9a5859d3ea5886b77b7d2af771ae1f13700c", "pfad": "tests/test_multi_instrument_edge.py", "ort": "lebend", "zeile": 22, "gattung": "detect-secrets: Hex High Entropy String", "abdruck": "5e4eaee02c1c4d6c", "klasse": "pruefsumme", "begruendung": "In Tests festgenagelte SHA-256 der Testreihe (PINNED_CHECKSUM bzw. Manifest-Pruefsumme aus tests/fixtures), Datenpruefsumme"},
    {"objekt": "4fb70ab021a8ccd70df6f6906695e829eea00ffc", "pfad": "tests/test_multi_instrument_edge.py", "ort": "lebend", "zeile": 22, "gattung": "detect-secrets: Hex High Entropy String", "abdruck": "5e4eaee02c1c4d6c", "klasse": "pruefsumme", "begruendung": "In Tests festgenagelte SHA-256 der Testreihe (PINNED_CHECKSUM bzw. Manifest-Pruefsumme aus tests/fixtures), Datenpruefsumme"},
    {"objekt": "7412623f2f53215424b37a8d37e0608fefb4c45c", "pfad": "tests/test_multi_instrument_edge.py", "ort": "lebend", "zeile": 22, "gattung": "detect-secrets: Hex High Entropy String", "abdruck": "5e4eaee02c1c4d6c", "klasse": "pruefsumme", "begruendung": "In Tests festgenagelte SHA-256 der Testreihe (PINNED_CHECKSUM bzw. Manifest-Pruefsumme aus tests/fixtures), Datenpruefsumme"},
    {"objekt": "b336fa5761a64e8d2c80b5a5acf7065ae01c34f7", "pfad": "tests/test_risiko_zustand.py", "ort": "lebend", "zeile": 52, "gattung": "Muster: Kontonummer (account/konto = 6-12 Ziffern)", "abdruck": "881eeaf012c66701", "klasse": "testdatum", "begruendung": "Beispiel-Kontonummer der Tests (KONTO-Konstante, account_id/konto_id am Fake-Terminal); dieselbe Zahl fuehrt tests/test_risiko_zustand_geheimnis.py als Beispiel-Login; Waehrung in den Tests USD, Demokonto EUR; nicht das Demokonto (Abgleich mit der echten Kontonummer nur durch Philipp, siehe bericht.md)"},
    {"objekt": "c7f492691f3c2c4a2851d39efb82d335d4dfb599", "pfad": "tests/test_risiko_zustand.py", "ort": "lebend", "zeile": 52, "gattung": "Muster: Kontonummer (account/konto = 6-12 Ziffern)", "abdruck": "881eeaf012c66701", "klasse": "testdatum", "begruendung": "Beispiel-Kontonummer der Tests (KONTO-Konstante, account_id/konto_id am Fake-Terminal); dieselbe Zahl fuehrt tests/test_risiko_zustand_geheimnis.py als Beispiel-Login; Waehrung in den Tests USD, Demokonto EUR; nicht das Demokonto (Abgleich mit der echten Kontonummer nur durch Philipp, siehe bericht.md)"},
    {"objekt": "c8fbc9af2da1e9ce5ce4beabef42be2d234e85a9", "pfad": "tests/test_risiko_zustand.py", "ort": "lebend", "zeile": 52, "gattung": "Muster: Kontonummer (account/konto = 6-12 Ziffern)", "abdruck": "881eeaf012c66701", "klasse": "testdatum", "begruendung": "Beispiel-Kontonummer der Tests (KONTO-Konstante, account_id/konto_id am Fake-Terminal); dieselbe Zahl fuehrt tests/test_risiko_zustand_geheimnis.py als Beispiel-Login; Waehrung in den Tests USD, Demokonto EUR; nicht das Demokonto (Abgleich mit der echten Kontonummer nur durch Philipp, siehe bericht.md)"},
    {"objekt": "194202380dee35c3d5b64d9164d12d31fbebbe1a", "pfad": "tests/test_risiko_zustand.py", "ort": "lebend", "zeile": 55, "gattung": "Muster: Kontonummer (account/konto = 6-12 Ziffern)", "abdruck": "881eeaf012c66701", "klasse": "testdatum", "begruendung": "Beispiel-Kontonummer der Tests (KONTO-Konstante, account_id/konto_id am Fake-Terminal); dieselbe Zahl fuehrt tests/test_risiko_zustand_geheimnis.py als Beispiel-Login; Waehrung in den Tests USD, Demokonto EUR; nicht das Demokonto (Abgleich mit der echten Kontonummer nur durch Philipp, siehe bericht.md)"},
    {"objekt": "8feb348745ee3c4e40a2217e3c9db069e5330dfc", "pfad": "tests/test_risiko_zustand.py", "ort": "lebend", "zeile": 55, "gattung": "Muster: Kontonummer (account/konto = 6-12 Ziffern)", "abdruck": "881eeaf012c66701", "klasse": "testdatum", "begruendung": "Beispiel-Kontonummer der Tests (KONTO-Konstante, account_id/konto_id am Fake-Terminal); dieselbe Zahl fuehrt tests/test_risiko_zustand_geheimnis.py als Beispiel-Login; Waehrung in den Tests USD, Demokonto EUR; nicht das Demokonto (Abgleich mit der echten Kontonummer nur durch Philipp, siehe bericht.md)"},
    {"objekt": "c7f492691f3c2c4a2851d39efb82d335d4dfb599", "pfad": "tests/test_risiko_zustand.py", "ort": "lebend", "zeile": 453, "gattung": "Muster: Kontonummer (account/konto = 6-12 Ziffern)", "abdruck": "b0e21166e5607b31", "klasse": "testdatum", "begruendung": "Beispiel-Kontonummer der Tests (KONTO-Konstante, account_id/konto_id am Fake-Terminal); dieselbe Zahl fuehrt tests/test_risiko_zustand_geheimnis.py als Beispiel-Login; Waehrung in den Tests USD, Demokonto EUR; nicht das Demokonto (Abgleich mit der echten Kontonummer nur durch Philipp, siehe bericht.md)"},
    {"objekt": "c8fbc9af2da1e9ce5ce4beabef42be2d234e85a9", "pfad": "tests/test_risiko_zustand.py", "ort": "lebend", "zeile": 455, "gattung": "Muster: Kontonummer (account/konto = 6-12 Ziffern)", "abdruck": "b0e21166e5607b31", "klasse": "testdatum", "begruendung": "Beispiel-Kontonummer der Tests (KONTO-Konstante, account_id/konto_id am Fake-Terminal); dieselbe Zahl fuehrt tests/test_risiko_zustand_geheimnis.py als Beispiel-Login; Waehrung in den Tests USD, Demokonto EUR; nicht das Demokonto (Abgleich mit der echten Kontonummer nur durch Philipp, siehe bericht.md)"},
    {"objekt": "b336fa5761a64e8d2c80b5a5acf7065ae01c34f7", "pfad": "tests/test_risiko_zustand.py", "ort": "lebend", "zeile": 476, "gattung": "Muster: Kontonummer (account/konto = 6-12 Ziffern)", "abdruck": "b0e21166e5607b31", "klasse": "testdatum", "begruendung": "Beispiel-Kontonummer der Tests (KONTO-Konstante, account_id/konto_id am Fake-Terminal); dieselbe Zahl fuehrt tests/test_risiko_zustand_geheimnis.py als Beispiel-Login; Waehrung in den Tests USD, Demokonto EUR; nicht das Demokonto (Abgleich mit der echten Kontonummer nur durch Philipp, siehe bericht.md)"},
    {"objekt": "194202380dee35c3d5b64d9164d12d31fbebbe1a", "pfad": "tests/test_risiko_zustand.py", "ort": "lebend", "zeile": 478, "gattung": "Muster: Kontonummer (account/konto = 6-12 Ziffern)", "abdruck": "b0e21166e5607b31", "klasse": "testdatum", "begruendung": "Beispiel-Kontonummer der Tests (KONTO-Konstante, account_id/konto_id am Fake-Terminal); dieselbe Zahl fuehrt tests/test_risiko_zustand_geheimnis.py als Beispiel-Login; Waehrung in den Tests USD, Demokonto EUR; nicht das Demokonto (Abgleich mit der echten Kontonummer nur durch Philipp, siehe bericht.md)"},
    {"objekt": "8feb348745ee3c4e40a2217e3c9db069e5330dfc", "pfad": "tests/test_risiko_zustand.py", "ort": "lebend", "zeile": 478, "gattung": "Muster: Kontonummer (account/konto = 6-12 Ziffern)", "abdruck": "b0e21166e5607b31", "klasse": "testdatum", "begruendung": "Beispiel-Kontonummer der Tests (KONTO-Konstante, account_id/konto_id am Fake-Terminal); dieselbe Zahl fuehrt tests/test_risiko_zustand_geheimnis.py als Beispiel-Login; Waehrung in den Tests USD, Demokonto EUR; nicht das Demokonto (Abgleich mit der echten Kontonummer nur durch Philipp, siehe bericht.md)"},
    {"objekt": "c7f492691f3c2c4a2851d39efb82d335d4dfb599", "pfad": "tests/test_risiko_zustand.py", "ort": "lebend", "zeile": 482, "gattung": "Muster: Kontonummer (account/konto = 6-12 Ziffern)", "abdruck": "06dcf1849101a625", "klasse": "testdatum", "begruendung": "Beispiel-Kontonummer der Tests (KONTO-Konstante, account_id/konto_id am Fake-Terminal); dieselbe Zahl fuehrt tests/test_risiko_zustand_geheimnis.py als Beispiel-Login; Waehrung in den Tests USD, Demokonto EUR; nicht das Demokonto (Abgleich mit der echten Kontonummer nur durch Philipp, siehe bericht.md)"},
    {"objekt": "c8fbc9af2da1e9ce5ce4beabef42be2d234e85a9", "pfad": "tests/test_risiko_zustand.py", "ort": "lebend", "zeile": 484, "gattung": "Muster: Kontonummer (account/konto = 6-12 Ziffern)", "abdruck": "06dcf1849101a625", "klasse": "testdatum", "begruendung": "Beispiel-Kontonummer der Tests (KONTO-Konstante, account_id/konto_id am Fake-Terminal); dieselbe Zahl fuehrt tests/test_risiko_zustand_geheimnis.py als Beispiel-Login; Waehrung in den Tests USD, Demokonto EUR; nicht das Demokonto (Abgleich mit der echten Kontonummer nur durch Philipp, siehe bericht.md)"},
    {"objekt": "b336fa5761a64e8d2c80b5a5acf7065ae01c34f7", "pfad": "tests/test_risiko_zustand.py", "ort": "lebend", "zeile": 505, "gattung": "Muster: Kontonummer (account/konto = 6-12 Ziffern)", "abdruck": "06dcf1849101a625", "klasse": "testdatum", "begruendung": "Beispiel-Kontonummer der Tests (KONTO-Konstante, account_id/konto_id am Fake-Terminal); dieselbe Zahl fuehrt tests/test_risiko_zustand_geheimnis.py als Beispiel-Login; Waehrung in den Tests USD, Demokonto EUR; nicht das Demokonto (Abgleich mit der echten Kontonummer nur durch Philipp, siehe bericht.md)"},
    {"objekt": "194202380dee35c3d5b64d9164d12d31fbebbe1a", "pfad": "tests/test_risiko_zustand.py", "ort": "lebend", "zeile": 507, "gattung": "Muster: Kontonummer (account/konto = 6-12 Ziffern)", "abdruck": "06dcf1849101a625", "klasse": "testdatum", "begruendung": "Beispiel-Kontonummer der Tests (KONTO-Konstante, account_id/konto_id am Fake-Terminal); dieselbe Zahl fuehrt tests/test_risiko_zustand_geheimnis.py als Beispiel-Login; Waehrung in den Tests USD, Demokonto EUR; nicht das Demokonto (Abgleich mit der echten Kontonummer nur durch Philipp, siehe bericht.md)"},
    {"objekt": "8feb348745ee3c4e40a2217e3c9db069e5330dfc", "pfad": "tests/test_risiko_zustand.py", "ort": "lebend", "zeile": 507, "gattung": "Muster: Kontonummer (account/konto = 6-12 Ziffern)", "abdruck": "06dcf1849101a625", "klasse": "testdatum", "begruendung": "Beispiel-Kontonummer der Tests (KONTO-Konstante, account_id/konto_id am Fake-Terminal); dieselbe Zahl fuehrt tests/test_risiko_zustand_geheimnis.py als Beispiel-Login; Waehrung in den Tests USD, Demokonto EUR; nicht das Demokonto (Abgleich mit der echten Kontonummer nur durch Philipp, siehe bericht.md)"},
    {"objekt": "1b33d6056d82cf172aa538c7e9b30a331ef2ea36", "pfad": "tests/test_risiko_zustand_restbefunde.py", "ort": "lebend", "zeile": 49, "gattung": "Muster: Kontonummer (account/konto = 6-12 Ziffern)", "abdruck": "881eeaf012c66701", "klasse": "testdatum", "begruendung": "Beispiel-Kontonummer der Tests (KONTO-Konstante, account_id/konto_id am Fake-Terminal); dieselbe Zahl fuehrt tests/test_risiko_zustand_geheimnis.py als Beispiel-Login; Waehrung in den Tests USD, Demokonto EUR; nicht das Demokonto (Abgleich mit der echten Kontonummer nur durch Philipp, siehe bericht.md)"},
    {"objekt": "291520d8f159319305f3c2fc039c24d8f948db7e", "pfad": "tests/test_risiko_zustand_restbefunde.py", "ort": "lebend", "zeile": 49, "gattung": "Muster: Kontonummer (account/konto = 6-12 Ziffern)", "abdruck": "881eeaf012c66701", "klasse": "testdatum", "begruendung": "Beispiel-Kontonummer der Tests (KONTO-Konstante, account_id/konto_id am Fake-Terminal); dieselbe Zahl fuehrt tests/test_risiko_zustand_geheimnis.py als Beispiel-Login; Waehrung in den Tests USD, Demokonto EUR; nicht das Demokonto (Abgleich mit der echten Kontonummer nur durch Philipp, siehe bericht.md)"},
    {"objekt": "2818ef02bd984b0e827118a2610b19778869d244", "pfad": "tests/test_risiko_zustand_restbefunde.py", "ort": "lebend", "zeile": 51, "gattung": "Muster: Kontonummer (account/konto = 6-12 Ziffern)", "abdruck": "881eeaf012c66701", "klasse": "testdatum", "begruendung": "Beispiel-Kontonummer der Tests (KONTO-Konstante, account_id/konto_id am Fake-Terminal); dieselbe Zahl fuehrt tests/test_risiko_zustand_geheimnis.py als Beispiel-Login; Waehrung in den Tests USD, Demokonto EUR; nicht das Demokonto (Abgleich mit der echten Kontonummer nur durch Philipp, siehe bericht.md)"},
    {"objekt": "4a696cb900455f08c1f9eb5e4442ea4910c96d4d", "pfad": "tests/test_risiko_zustand_zwei_schreiber.py", "ort": "lebend", "zeile": 63, "gattung": "Muster: Kontonummer (account/konto = 6-12 Ziffern)", "abdruck": "881eeaf012c66701", "klasse": "testdatum", "begruendung": "Beispiel-Kontonummer der Tests (KONTO-Konstante, account_id/konto_id am Fake-Terminal); dieselbe Zahl fuehrt tests/test_risiko_zustand_geheimnis.py als Beispiel-Login; Waehrung in den Tests USD, Demokonto EUR; nicht das Demokonto (Abgleich mit der echten Kontonummer nur durch Philipp, siehe bericht.md)"},
    {"objekt": "54286175db4c0dd28577ee530f489d2f870fe8f8", "pfad": "tests/test_risiko_zustand_zwei_schreiber.py", "ort": "lebend", "zeile": 63, "gattung": "Muster: Kontonummer (account/konto = 6-12 Ziffern)", "abdruck": "881eeaf012c66701", "klasse": "testdatum", "begruendung": "Beispiel-Kontonummer der Tests (KONTO-Konstante, account_id/konto_id am Fake-Terminal); dieselbe Zahl fuehrt tests/test_risiko_zustand_geheimnis.py als Beispiel-Login; Waehrung in den Tests USD, Demokonto EUR; nicht das Demokonto (Abgleich mit der echten Kontonummer nur durch Philipp, siehe bericht.md)"},
    {"objekt": "ae4aa8a9b34575731d7c50065bf9785a5e276192", "pfad": "tests/test_risiko_zustand_zwei_schreiber.py", "ort": "lebend", "zeile": 63, "gattung": "Muster: Kontonummer (account/konto = 6-12 Ziffern)", "abdruck": "881eeaf012c66701", "klasse": "testdatum", "begruendung": "Beispiel-Kontonummer der Tests (KONTO-Konstante, account_id/konto_id am Fake-Terminal); dieselbe Zahl fuehrt tests/test_risiko_zustand_geheimnis.py als Beispiel-Login; Waehrung in den Tests USD, Demokonto EUR; nicht das Demokonto (Abgleich mit der echten Kontonummer nur durch Philipp, siehe bericht.md)"},
    {"objekt": "2d1b31cf1ae9d6c58a700afccd79bac175bf6af2", "pfad": "tests/test_risikozustand_eichfaelle.py", "ort": "lebend", "zeile": 53, "gattung": "Muster: Kontonummer (account/konto = 6-12 Ziffern)", "abdruck": "881eeaf012c66701", "klasse": "testdatum", "begruendung": "Beispiel-Kontonummer der Tests (KONTO-Konstante, account_id/konto_id am Fake-Terminal); dieselbe Zahl fuehrt tests/test_risiko_zustand_geheimnis.py als Beispiel-Login; Waehrung in den Tests USD, Demokonto EUR; nicht das Demokonto (Abgleich mit der echten Kontonummer nur durch Philipp, siehe bericht.md)"},
    {"objekt": "b4be9f536d09336c9c381602ad1382a777e330fe", "pfad": "tests/test_risikozustand_eichfaelle.py", "ort": "lebend", "zeile": 53, "gattung": "Muster: Kontonummer (account/konto = 6-12 Ziffern)", "abdruck": "881eeaf012c66701", "klasse": "testdatum", "begruendung": "Beispiel-Kontonummer der Tests (KONTO-Konstante, account_id/konto_id am Fake-Terminal); dieselbe Zahl fuehrt tests/test_risiko_zustand_geheimnis.py als Beispiel-Login; Waehrung in den Tests USD, Demokonto EUR; nicht das Demokonto (Abgleich mit der echten Kontonummer nur durch Philipp, siehe bericht.md)"},
    {"objekt": "3cecf86802c57de228bd860c090f6c45a4c091b8", "pfad": "tests/test_risikozustand_eichfaelle.py", "ort": "lebend", "zeile": 57, "gattung": "Muster: Kontonummer (account/konto = 6-12 Ziffern)", "abdruck": "881eeaf012c66701", "klasse": "testdatum", "begruendung": "Beispiel-Kontonummer der Tests (KONTO-Konstante, account_id/konto_id am Fake-Terminal); dieselbe Zahl fuehrt tests/test_risiko_zustand_geheimnis.py als Beispiel-Login; Waehrung in den Tests USD, Demokonto EUR; nicht das Demokonto (Abgleich mit der echten Kontonummer nur durch Philipp, siehe bericht.md)"},
    {"objekt": "998f81414859cb8bf93289c64868d259a9049799", "pfad": "tests/test_stufe10_betrieb.py", "ort": "lebend", "zeile": 491, "gattung": "Muster: Kontonummer (account/konto = 6-12 Ziffern)", "abdruck": "bc135ef25730ade3", "klasse": "testdatum", "begruendung": "Beispiel-Kontonummer der Tests (KONTO-Konstante, account_id/konto_id am Fake-Terminal); dieselbe Zahl fuehrt tests/test_risiko_zustand_geheimnis.py als Beispiel-Login; Waehrung in den Tests USD, Demokonto EUR; nicht das Demokonto (Abgleich mit der echten Kontonummer nur durch Philipp, siehe bericht.md)"},
    {"objekt": "2ca81633b059422817a05fc367922cea01d5fefd", "pfad": "tests/test_stufe10_betrieb.py", "ort": "lebend", "zeile": 495, "gattung": "Muster: Kontonummer (account/konto = 6-12 Ziffern)", "abdruck": "bc135ef25730ade3", "klasse": "testdatum", "begruendung": "Beispiel-Kontonummer der Tests (KONTO-Konstante, account_id/konto_id am Fake-Terminal); dieselbe Zahl fuehrt tests/test_risiko_zustand_geheimnis.py als Beispiel-Login; Waehrung in den Tests USD, Demokonto EUR; nicht das Demokonto (Abgleich mit der echten Kontonummer nur durch Philipp, siehe bericht.md)"},
    {"objekt": "044a58d8ae31a67d7a1640cdd15bd34157058ee0", "pfad": "tests/test_stufe10_betrieb.py", "ort": "lebend", "zeile": 510, "gattung": "Muster: Kontonummer (account/konto = 6-12 Ziffern)", "abdruck": "bc135ef25730ade3", "klasse": "testdatum", "begruendung": "Beispiel-Kontonummer der Tests (KONTO-Konstante, account_id/konto_id am Fake-Terminal); dieselbe Zahl fuehrt tests/test_risiko_zustand_geheimnis.py als Beispiel-Login; Waehrung in den Tests USD, Demokonto EUR; nicht das Demokonto (Abgleich mit der echten Kontonummer nur durch Philipp, siehe bericht.md)"},
    {"objekt": "37fce5da33e6ef3bc0802fe8a01fc5a45b111b3f", "pfad": "tests/test_stufe10_betrieb.py", "ort": "lebend", "zeile": 510, "gattung": "Muster: Kontonummer (account/konto = 6-12 Ziffern)", "abdruck": "bc135ef25730ade3", "klasse": "testdatum", "begruendung": "Beispiel-Kontonummer der Tests (KONTO-Konstante, account_id/konto_id am Fake-Terminal); dieselbe Zahl fuehrt tests/test_risiko_zustand_geheimnis.py als Beispiel-Login; Waehrung in den Tests USD, Demokonto EUR; nicht das Demokonto (Abgleich mit der echten Kontonummer nur durch Philipp, siehe bericht.md)"},
    {"objekt": "995bed17b82413aa15e98e616ccb175dd16a6a75", "pfad": "tests/test_stufe10_betrieb.py", "ort": "lebend", "zeile": 516, "gattung": "Muster: Kontonummer (account/konto = 6-12 Ziffern)", "abdruck": "bc135ef25730ade3", "klasse": "testdatum", "begruendung": "Beispiel-Kontonummer der Tests (KONTO-Konstante, account_id/konto_id am Fake-Terminal); dieselbe Zahl fuehrt tests/test_risiko_zustand_geheimnis.py als Beispiel-Login; Waehrung in den Tests USD, Demokonto EUR; nicht das Demokonto (Abgleich mit der echten Kontonummer nur durch Philipp, siehe bericht.md)"},
    {"objekt": "f158b6433a37d4131cc8bc202c1c582b96ca53a7", "pfad": "tests/test_stufe10_betrieb.py", "ort": "lebend", "zeile": 516, "gattung": "Muster: Kontonummer (account/konto = 6-12 Ziffern)", "abdruck": "bc135ef25730ade3", "klasse": "testdatum", "begruendung": "Beispiel-Kontonummer der Tests (KONTO-Konstante, account_id/konto_id am Fake-Terminal); dieselbe Zahl fuehrt tests/test_risiko_zustand_geheimnis.py als Beispiel-Login; Waehrung in den Tests USD, Demokonto EUR; nicht das Demokonto (Abgleich mit der echten Kontonummer nur durch Philipp, siehe bericht.md)"},
    {"objekt": "632985820c5a63f5580fab9bdd81b8ffd995246f", "pfad": "tests/test_stufe10_betrieb.py", "ort": "lebend", "zeile": 527, "gattung": "Muster: Kontonummer (account/konto = 6-12 Ziffern)", "abdruck": "bc135ef25730ade3", "klasse": "testdatum", "begruendung": "Beispiel-Kontonummer der Tests (KONTO-Konstante, account_id/konto_id am Fake-Terminal); dieselbe Zahl fuehrt tests/test_risiko_zustand_geheimnis.py als Beispiel-Login; Waehrung in den Tests USD, Demokonto EUR; nicht das Demokonto (Abgleich mit der echten Kontonummer nur durch Philipp, siehe bericht.md)"},
    {"objekt": "a23bf4ed21f5b68c8e4f9e442f5cadade47a2b40", "pfad": "tests/test_stufe10_betrieb.py", "ort": "lebend", "zeile": 527, "gattung": "Muster: Kontonummer (account/konto = 6-12 Ziffern)", "abdruck": "bc135ef25730ade3", "klasse": "testdatum", "begruendung": "Beispiel-Kontonummer der Tests (KONTO-Konstante, account_id/konto_id am Fake-Terminal); dieselbe Zahl fuehrt tests/test_risiko_zustand_geheimnis.py als Beispiel-Login; Waehrung in den Tests USD, Demokonto EUR; nicht das Demokonto (Abgleich mit der echten Kontonummer nur durch Philipp, siehe bericht.md)"},
    {"objekt": "998f81414859cb8bf93289c64868d259a9049799", "pfad": "tests/test_stufe10_betrieb.py", "ort": "lebend", "zeile": 593, "gattung": "Muster: Kontonummer (account/konto = 6-12 Ziffern)", "abdruck": "6ea9714d738188f0", "klasse": "testdatum", "begruendung": "Beispiel-Kontonummer der Tests (KONTO-Konstante, account_id/konto_id am Fake-Terminal); dieselbe Zahl fuehrt tests/test_risiko_zustand_geheimnis.py als Beispiel-Login; Waehrung in den Tests USD, Demokonto EUR; nicht das Demokonto (Abgleich mit der echten Kontonummer nur durch Philipp, siehe bericht.md)"},
    {"objekt": "2ca81633b059422817a05fc367922cea01d5fefd", "pfad": "tests/test_stufe10_betrieb.py", "ort": "lebend", "zeile": 597, "gattung": "Muster: Kontonummer (account/konto = 6-12 Ziffern)", "abdruck": "6ea9714d738188f0", "klasse": "testdatum", "begruendung": "Beispiel-Kontonummer der Tests (KONTO-Konstante, account_id/konto_id am Fake-Terminal); dieselbe Zahl fuehrt tests/test_risiko_zustand_geheimnis.py als Beispiel-Login; Waehrung in den Tests USD, Demokonto EUR; nicht das Demokonto (Abgleich mit der echten Kontonummer nur durch Philipp, siehe bericht.md)"},
    {"objekt": "044a58d8ae31a67d7a1640cdd15bd34157058ee0", "pfad": "tests/test_stufe10_betrieb.py", "ort": "lebend", "zeile": 620, "gattung": "Muster: Kontonummer (account/konto = 6-12 Ziffern)", "abdruck": "6ea9714d738188f0", "klasse": "testdatum", "begruendung": "Beispiel-Kontonummer der Tests (KONTO-Konstante, account_id/konto_id am Fake-Terminal); dieselbe Zahl fuehrt tests/test_risiko_zustand_geheimnis.py als Beispiel-Login; Waehrung in den Tests USD, Demokonto EUR; nicht das Demokonto (Abgleich mit der echten Kontonummer nur durch Philipp, siehe bericht.md)"},
    {"objekt": "37fce5da33e6ef3bc0802fe8a01fc5a45b111b3f", "pfad": "tests/test_stufe10_betrieb.py", "ort": "lebend", "zeile": 620, "gattung": "Muster: Kontonummer (account/konto = 6-12 Ziffern)", "abdruck": "6ea9714d738188f0", "klasse": "testdatum", "begruendung": "Beispiel-Kontonummer der Tests (KONTO-Konstante, account_id/konto_id am Fake-Terminal); dieselbe Zahl fuehrt tests/test_risiko_zustand_geheimnis.py als Beispiel-Login; Waehrung in den Tests USD, Demokonto EUR; nicht das Demokonto (Abgleich mit der echten Kontonummer nur durch Philipp, siehe bericht.md)"},
    {"objekt": "995bed17b82413aa15e98e616ccb175dd16a6a75", "pfad": "tests/test_stufe10_betrieb.py", "ort": "lebend", "zeile": 626, "gattung": "Muster: Kontonummer (account/konto = 6-12 Ziffern)", "abdruck": "6ea9714d738188f0", "klasse": "testdatum", "begruendung": "Beispiel-Kontonummer der Tests (KONTO-Konstante, account_id/konto_id am Fake-Terminal); dieselbe Zahl fuehrt tests/test_risiko_zustand_geheimnis.py als Beispiel-Login; Waehrung in den Tests USD, Demokonto EUR; nicht das Demokonto (Abgleich mit der echten Kontonummer nur durch Philipp, siehe bericht.md)"},
    {"objekt": "f158b6433a37d4131cc8bc202c1c582b96ca53a7", "pfad": "tests/test_stufe10_betrieb.py", "ort": "lebend", "zeile": 626, "gattung": "Muster: Kontonummer (account/konto = 6-12 Ziffern)", "abdruck": "6ea9714d738188f0", "klasse": "testdatum", "begruendung": "Beispiel-Kontonummer der Tests (KONTO-Konstante, account_id/konto_id am Fake-Terminal); dieselbe Zahl fuehrt tests/test_risiko_zustand_geheimnis.py als Beispiel-Login; Waehrung in den Tests USD, Demokonto EUR; nicht das Demokonto (Abgleich mit der echten Kontonummer nur durch Philipp, siehe bericht.md)"},
    {"objekt": "632985820c5a63f5580fab9bdd81b8ffd995246f", "pfad": "tests/test_stufe10_betrieb.py", "ort": "lebend", "zeile": 637, "gattung": "Muster: Kontonummer (account/konto = 6-12 Ziffern)", "abdruck": "6ea9714d738188f0", "klasse": "testdatum", "begruendung": "Beispiel-Kontonummer der Tests (KONTO-Konstante, account_id/konto_id am Fake-Terminal); dieselbe Zahl fuehrt tests/test_risiko_zustand_geheimnis.py als Beispiel-Login; Waehrung in den Tests USD, Demokonto EUR; nicht das Demokonto (Abgleich mit der echten Kontonummer nur durch Philipp, siehe bericht.md)"},
    {"objekt": "a23bf4ed21f5b68c8e4f9e442f5cadade47a2b40", "pfad": "tests/test_stufe10_betrieb.py", "ort": "lebend", "zeile": 637, "gattung": "Muster: Kontonummer (account/konto = 6-12 Ziffern)", "abdruck": "6ea9714d738188f0", "klasse": "testdatum", "begruendung": "Beispiel-Kontonummer der Tests (KONTO-Konstante, account_id/konto_id am Fake-Terminal); dieselbe Zahl fuehrt tests/test_risiko_zustand_geheimnis.py als Beispiel-Login; Waehrung in den Tests USD, Demokonto EUR; nicht das Demokonto (Abgleich mit der echten Kontonummer nur durch Philipp, siehe bericht.md)"},
    {"objekt": "a73bafe0525027da5b15cd5e15becd749332d400", "pfad": "tests/test_stufe5_ausfuehrung.py", "ort": "lebend", "zeile": 443, "gattung": "detect-secrets: Hex High Entropy String", "abdruck": "3eb1bd439947eb76", "klasse": "testdatum", "begruendung": "Erfundene Laufkennung des Redaktionstests (LAUF_ROH, 32 Hex aus 0123456789abcdef zweimal), kein Zugang"},
    {"objekt": "1b46e7acc07babf6138a0ca8d44212afed1cc9a1", "pfad": "tests/test_stufe5_ausfuehrung.py", "ort": "lebend", "zeile": 444, "gattung": "detect-secrets: Hex High Entropy String", "abdruck": "3eb1bd439947eb76", "klasse": "testdatum", "begruendung": "Erfundene Laufkennung des Redaktionstests (LAUF_ROH, 32 Hex aus 0123456789abcdef zweimal), kein Zugang"},
    {"objekt": "e282ad0a335ce9af988670d7c07dcca5c606d418", "pfad": "tests/test_stufe5_ausfuehrung.py", "ort": "lebend", "zeile": 444, "gattung": "detect-secrets: Hex High Entropy String", "abdruck": "3eb1bd439947eb76", "klasse": "testdatum", "begruendung": "Erfundene Laufkennung des Redaktionstests (LAUF_ROH, 32 Hex aus 0123456789abcdef zweimal), kein Zugang"},
    {"objekt": "035b4933adcfc488cb231ed402d51373f178c8e8", "pfad": "tools/oberflaeche.py", "ort": "lebend", "zeile": 32, "gattung": "Muster: IP-Adresse mit Port", "abdruck": "8ef0c5f2dc450c07", "klasse": "adresse-lokal", "begruendung": "Loopback-Adresse (127.0.0.1) mit Port der in T5 geloeschten Oberflaeche tools/oberflaeche.py bzw. deren Protokoll in PROGRAMM/eingang; kein erreichbarer Dienst"},
    {"objekt": "1adedb776b669198201fa6d533a77bbb726ed274", "pfad": "tools/oberflaeche.py", "ort": "lebend", "zeile": 32, "gattung": "Muster: IP-Adresse mit Port", "abdruck": "8ef0c5f2dc450c07", "klasse": "adresse-lokal", "begruendung": "Loopback-Adresse (127.0.0.1) mit Port der in T5 geloeschten Oberflaeche tools/oberflaeche.py bzw. deren Protokoll in PROGRAMM/eingang; kein erreichbarer Dienst"},
    {"objekt": "370112bfb155a47df4a0425d4d48b718e46d0875", "pfad": "tools/oberflaeche.py", "ort": "lebend", "zeile": 32, "gattung": "Muster: IP-Adresse mit Port", "abdruck": "8ef0c5f2dc450c07", "klasse": "adresse-lokal", "begruendung": "Loopback-Adresse (127.0.0.1) mit Port der in T5 geloeschten Oberflaeche tools/oberflaeche.py bzw. deren Protokoll in PROGRAMM/eingang; kein erreichbarer Dienst"},
    {"objekt": "38867e8f5469eb6d4e380adf96feda84a12a843c", "pfad": "tools/oberflaeche.py", "ort": "lebend", "zeile": 32, "gattung": "Muster: IP-Adresse mit Port", "abdruck": "8ef0c5f2dc450c07", "klasse": "adresse-lokal", "begruendung": "Loopback-Adresse (127.0.0.1) mit Port der in T5 geloeschten Oberflaeche tools/oberflaeche.py bzw. deren Protokoll in PROGRAMM/eingang; kein erreichbarer Dienst"},
    {"objekt": "506b219aec50714cbf461c4f37c9b7acaa6d664a", "pfad": "tools/oberflaeche.py", "ort": "lebend", "zeile": 32, "gattung": "Muster: IP-Adresse mit Port", "abdruck": "8ef0c5f2dc450c07", "klasse": "adresse-lokal", "begruendung": "Loopback-Adresse (127.0.0.1) mit Port der in T5 geloeschten Oberflaeche tools/oberflaeche.py bzw. deren Protokoll in PROGRAMM/eingang; kein erreichbarer Dienst"},
    {"objekt": "8a3c4f56861ab0fbb919c9a72e446404a6de5354", "pfad": "tools/oberflaeche.py", "ort": "lebend", "zeile": 32, "gattung": "Muster: IP-Adresse mit Port", "abdruck": "8ef0c5f2dc450c07", "klasse": "adresse-lokal", "begruendung": "Loopback-Adresse (127.0.0.1) mit Port der in T5 geloeschten Oberflaeche tools/oberflaeche.py bzw. deren Protokoll in PROGRAMM/eingang; kein erreichbarer Dienst"},
    {"objekt": "8aaa5cbeb0793047b80ee55543b0c6011df8d089", "pfad": "tools/oberflaeche.py", "ort": "lebend", "zeile": 32, "gattung": "Muster: IP-Adresse mit Port", "abdruck": "8ef0c5f2dc450c07", "klasse": "adresse-lokal", "begruendung": "Loopback-Adresse (127.0.0.1) mit Port der in T5 geloeschten Oberflaeche tools/oberflaeche.py bzw. deren Protokoll in PROGRAMM/eingang; kein erreichbarer Dienst"},
    {"objekt": "93ff0cea9d7a6d3bd33775052fcbf733a21eddc6", "pfad": "tools/oberflaeche.py", "ort": "lebend", "zeile": 32, "gattung": "Muster: IP-Adresse mit Port", "abdruck": "8ef0c5f2dc450c07", "klasse": "adresse-lokal", "begruendung": "Loopback-Adresse (127.0.0.1) mit Port der in T5 geloeschten Oberflaeche tools/oberflaeche.py bzw. deren Protokoll in PROGRAMM/eingang; kein erreichbarer Dienst"},
    {"objekt": "b61f5a6f28689c3306bb0e9f1e6a09a6bac05858", "pfad": "tools/oberflaeche.py", "ort": "lebend", "zeile": 32, "gattung": "Muster: IP-Adresse mit Port", "abdruck": "8ef0c5f2dc450c07", "klasse": "adresse-lokal", "begruendung": "Loopback-Adresse (127.0.0.1) mit Port der in T5 geloeschten Oberflaeche tools/oberflaeche.py bzw. deren Protokoll in PROGRAMM/eingang; kein erreichbarer Dienst"},
    {"objekt": "1f97706d5ed0671139ea1bf645d19d58f90501f8", "pfad": "tools/wiederanlaufprobe.py", "ort": "lebend", "zeile": 69, "gattung": "Muster: Kontonummer (account/konto = 6-12 Ziffern)", "abdruck": "881eeaf012c66701", "klasse": "testdatum", "begruendung": "Beispiel-Kontonummer der Tests (KONTO-Konstante, account_id/konto_id am Fake-Terminal); dieselbe Zahl fuehrt tests/test_risiko_zustand_geheimnis.py als Beispiel-Login; Waehrung in den Tests USD, Demokonto EUR; nicht das Demokonto (Abgleich mit der echten Kontonummer nur durch Philipp, siehe bericht.md)"},
    {"objekt": "782e049805f24a707cceee2da345b018afec28cc", "pfad": "tools/wiederanlaufprobe.py", "ort": "lebend", "zeile": 69, "gattung": "Muster: Kontonummer (account/konto = 6-12 Ziffern)", "abdruck": "881eeaf012c66701", "klasse": "testdatum", "begruendung": "Beispiel-Kontonummer der Tests (KONTO-Konstante, account_id/konto_id am Fake-Terminal); dieselbe Zahl fuehrt tests/test_risiko_zustand_geheimnis.py als Beispiel-Login; Waehrung in den Tests USD, Demokonto EUR; nicht das Demokonto (Abgleich mit der echten Kontonummer nur durch Philipp, siehe bericht.md)"},
    {"objekt": "118e675b15743c7a8728fa463fa556b8fcb19821", "pfad": "tools/wiederanlaufprobe.py", "ort": "lebend", "zeile": 80, "gattung": "Muster: Kontonummer (account/konto = 6-12 Ziffern)", "abdruck": "881eeaf012c66701", "klasse": "testdatum", "begruendung": "Beispiel-Kontonummer der Tests (KONTO-Konstante, account_id/konto_id am Fake-Terminal); dieselbe Zahl fuehrt tests/test_risiko_zustand_geheimnis.py als Beispiel-Login; Waehrung in den Tests USD, Demokonto EUR; nicht das Demokonto (Abgleich mit der echten Kontonummer nur durch Philipp, siehe bericht.md)"}
  ]
}
